data/modelling_data.csv
product_id,date,cluster,unit_price,lag_price,price_ratio,month_sin,month_cos,qty,revenue,product_score,freight_price,product_weight_g
computers5,2017-10-01,Cluster_Volume,167.0,167.0,1.025177452978679,-0.8660254037844386,0.5000000000000001,1,167.0,3.5,14.92,207
computers5,2017-12-01,Cluster_Volume,119.9,167.0,0.9471023460333344,-2.4492935982947064e-16,1.0,2,239.8,3.5,13.44,207
computers5,2018-01-01,Cluster_Volume,93.09489362,119.9,0.6904298724089106,0.49999999999999994,0.8660254037844387,57,5306.40893634,3.5,12.23912281,207
computers5,2018-02-01,Cluster_Volume,77.155,93.09489362,0.6129700007926676,0.8660254037844386,0.5000000000000001,45,3471.975,3.5,11.51311111,207
computers5,2018-03-01,Cluster_Volume,88.0,77.155,0.7192151986389557,1.0,6.123233995736766e-17,6,528.0,3.5,17.55333333,207
computers5,2018-04-01,Cluster_Volume,88.0,88.0,0.7510887723738767,0.8660254037844387,-0.4999999999999998,10,880.0,3.5,10.869,207
computers5,2018-06-01,Cluster_Volume,89.9,88.0,0.7856304976536802,1.2246467991473532e-16,-1.0,3,269.70000000000005,3.5,21.82666667,207
computers5,2018-07-01,Cluster_Volume,78.9,89.9,0.6805831104977142,-0.4999999999999997,-0.8660254037844388,3,236.70000000000002,3.5,13.41333333,207
computers6,2018-01-01,Cluster_Volume,150.3545455,150.3545455,1.11509091024261,0.49999999999999994,0.8660254037844387,22,3307.800001,4.3,22.54772727,533
computers6,2018-02-01,Cluster_Volume,149.9,150.3545455,1.1909040647893314,0.8660254037844386,0.5000000000000001,69,10343.1,4.3,26.55289855,533
computers6,2018-03-01,Cluster_Volume,149.9,149.9,1.2251177076815847,1.0,6.123233995736766e-17,51,7644.900000000001,4.3,28.47588235,533
computers6,2018-04-01,Cluster_Volume,149.9,149.9,1.2794114429414105,0.8660254037844387,-0.4999999999999998,35,5246.5,4.3,30.22742857,533
computers6,2018-05-01,Cluster_Volume,149.9,149.9,1.289647261256094,0.49999999999999994,-0.8660254037844387,52,7794.8,4.3,18.94307692,533
computers6,2018-06-01,Cluster_Volume,149.9,149.9,1.3099667586016313,1.2246467991473532e-16,-1.0,27,4047.3,4.3,27.62666667,533
computers6,2018-07-01,Cluster_Volume,149.9,149.9,1.293021650996291,-0.4999999999999997,-0.8660254037844388,13,1948.7,4.3,33.57153846,533
computers6,2018-08-01,Cluster_Volume,149.9,149.9,1.293021650996291,-0.8660254037844385,-0.5000000000000004,5,749.5,4.3,24.76,533
furniture2,2017-07-01,Cluster_Volume,75.0,75.0,1.1942675159235667,-0.4999999999999997,-0.8660254037844388,5,375.0,4.1,15.856,2600
furniture2,2017-08-01,Cluster_Volume,75.0,75.0,1.1942675159235667,-0.8660254037844385,-0.5000000000000004,13,975.0,4.1,15.37692308,2600
furniture2,2017-10-01,Cluster_Volume,75.0,75.0,1.1942675159235667,-0.8660254037844386,0.5000000000000001,5,375.0,4.1,13.64,2600
furniture2,2017-11-01,Cluster_Volume,75.0,75.0,1.0625522843402573,-0.5000000000000004,0.8660254037844384,44,3300.0,4.1,16.13272727,2600
furniture2,2017-12-01,Cluster_Volume,75.0,75.0,0.9003601440576231,-2.4492935982947064e-16,1.0,47,3525.0,4.1,17.44638298,2600
furniture2,2018-01-01,Cluster_Volume,69.9953271,75.0,1.0081166208744967,0.49999999999999994,0.8660254037844387,82,8539.4299062,4.1,17.66311475,2600
furniture2,2018-02-01,Cluster_Volume,69.9,69.9953271,1.0072046109510087,0.8660254037844386,0.5000000000000001,44,3075.6000000000004,4.1,16.11590909,2600
furniture2,2018-03-01,Cluster_Volume,69.9,69.9,1.0215031315026826,1.0,6.123233995736766e-17,65,4543.5,4.1,18.42507692,2600
furniture2,2018-04-01,Cluster_Volume,69.9,69.9,1.02392578125,0.8660254037844387,-0.4999999999999998,82,5801.700000000001,4.1,9.071566265,2600
furniture2,2018-05-01,Cluster_Volume,69.9,69.9,1.02392578125,0.49999999999999994,-0.8660254037844387,82,6430.8,4.1,3.801630435,2600
furniture2,2018-06-01,Cluster_Volume,89.9,69.9,1.1997330960854093,1.2246467991473532e-16,-1.0,2,179.8,4.1,21.93,2600
furniture2,2018-07-01,Cluster_Volume,89.9,89.9,1.3257259225169258,-0.4999999999999997,-0.8660254037844388,2,179.8,4.1,29.79,2600
furniture2,2018-08-01,Cluster_Volume,103.2333333,89.9,1.3946262381468162,-0.8660254037844385,-0.5000000000000004,3,309.69999989999997,4.1,22.3,2600
health3,2018-01-01,Cluster_Margin,110.99,110.99,1.925015898710759,0.49999999999999994,0.8660254037844387,1,110.99,4.1,44.63,700
health3,2018-02-01,Cluster_Margin,110.99,110.99,1.925015898710759,0.8660254037844386,0.5000000000000001,2,221.98,4.1,20.55,700
health3,2018-03-01,Cluster_Margin,110.99,110.99,1.9971809021113245,1.0,6.123233995736766e-17,9,998.91,4.1,38.19222222,700
health3,2018-04-01,Cluster_Margin,116.5284615,110.99,1.3681949413640064,0.8660254037844387,-0.4999999999999998,13,1514.8699995000002,4.1,37.09153846,700
health3,2018-05-01,Cluster_Margin,119.99,116.5284615,2.208811437687918,0.49999999999999994,-0.8660254037844387,23,2759.77,4.1,31.5826087,700
health3,2018-06-01,Cluster_Margin,122.99,119.99,2.2640363257041174,1.2246467991473532e-16,-1.0,43,5288.57,4.1,35.51837209,700
health3,2018-07-01,Cluster_Margin,122.99,122.99,2.2640363257041174,-0.4999999999999997,-0.8660254037844388,33,4058.6699999999996,4.1,33.01,700
health3,2018-08-01,Cluster_Margin,122.99,122.99,2.2253728642888255,-0.8660254037844385,-0.5000000000000004,32,3935.68,4.1,36.941875,700
watches6,2017-06-01,Cluster_Volume,163.0,163.0,0.9569471624266144,1.2246467991473532e-16,-1.0,4,652.0,4.2,14.265,584
watches6,2017-07-01,Cluster_Volume,161.5909091,163.0,0.9312437382461588,-0.4999999999999997,-0.8660254037844388,11,1777.5000001,4.2,15.52545455,584
watches6,2017-08-01,Cluster_Volume,160.6692308,161.5909091,0.9616334924925481,-0.8660254037844385,-0.5000000000000004,13,2088.7000004,4.2,15.18538462,584
watches6,2017-09-01,Cluster_Volume,148.7785714,160.6692308,0.9658288225523377,-1.0,-1.8369701987210297e-16,18,2678.0142852,4.2,14.04111111,584
watches6,2017-10-01,Cluster_Volume,134.9,148.7785714,0.8057098488920743,-0.8660254037844386,0.5000000000000001,1,134.9,4.2,6.81,584
watches6,2017-11-01,Cluster_Volume,133.0,134.9,0.9604429110936727,-0.5000000000000004,0.8660254037844384,15,1995.0,4.2,19.91666667,584
watches6,2017-12-01,Cluster_Volume,149.0,133.0,1.0091204623442298,-2.4492935982947064e-16,1.0,4,596.0,4.2,19.1,584
watches6,2018-02-01,Cluster_Volume,128.2416667,149.0,0.9198629183351044,0.8660254037844386,0.5000000000000001,6,769.4500002,4.2,15.92666667,584
watches6,2018-03-01,Cluster_Volume,117.4412903,128.2416667,0.9396240720763177,1.0,6.123233995736766e-17,31,3640.6799993,4.2,18.26129032,584
watches6,2018-04-01,Cluster_Volume,105.648625,117.4412903,0.8784970193449942,0.8660254037844387,-0.4999999999999998,82,8980.133125,4.2,2.181647059,584
watches6,2018-05-01,Cluster_Volume,103.7925234,105.648625,0.9122645255509179,0.49999999999999994,-0.8660254037844387,82,11832.3476676,4.2,0.095438596,584
watches6,2018-06-01,Cluster_Volume,119.0,103.7925234,0.9855888686433658,1.2246467991473532e-16,-1.0,9,1071.0,4.2,19.20666667,584
watches6,2018-07-01,Cluster_Volume,118.3636364,119.0,0.9384911102413751,-0.4999999999999997,-0.8660254037844388,11,1302.0000004,4.2,15.48,584
watches6,2018-08-01,Cluster_Volume,112.0,118.3636364,0.9267663976738874,-0.8660254037844385,-0.5000000000000004,1,112.0,4.2,13.44,584
